LIBX_1.0 {
global:
	__x_assert_fail;
	__x_errno_pointer;
	x_base64_decode;
	x_base64_encode;
	x_bitmap_count;
	x_bitmap_find;
	x_calloc;
	x_dump_bind;
	x_dump_empty_block;
	x_dump_block;
	x_dump_default_format;
	x_dump_float;
	x_dump_fput;
	x_dump_free;
	x_dump_int;
	x_dump_mem;
	x_dump_pair;
	x_dump_pretty_format;
	x_dump_ptr;
	x_dump_serialize;
	x_dump_set_name;
	x_dump_str;
	x_dump_symbol;
	x_dump_uint;
	x_dump_wcs;
	x_free;
	x_heap_free;
	x_heap_init;
	x_heap_pop;
	x_heap_push;
	x_heap_top;
	x_ini_check_section_name;
	x_ini_check_key_name;
	x_ini_create;
	x_ini_dump;
	x_ini_free;
	x_ini_get;
	x_ini_get_bool;
	x_ini_get_int;
	x_ini_get_str;
	x_ini_load;
	x_ini_path_get;
	x_ini_path_set;
	x_ini_pure;
	x_ini_push_opt;
	x_ini_push_sec;
	x_ini_set;
	x_ini_strerror;
	x_ini_unset;
	x_log_default_handler;
	x_log_mode;
	__x_log_print;
	x_log_set_handler;
	x_log_set_mode;
	__x_log_vprint;
	x_malloc;
	x_mattach;
	x_mdetach;
	x_membyhex;
	x_memdup;
	x_memhash;
	x_memswp;
	x_memtohex;
	x_memxor;
	x_mset_create;
	x_mset_free;
	x_pipe_change_buffer;
	x_pipe_drain;
	x_pipe_peek;
	x_pipe_pour;
	x_pipe_pullup;
	x_pipe_read;
	x_pipe_write;
	x_realloc;
	x_splay_find;
	x_splay_find_or_insert;
	x_splay_first;
	x_splay_last;
	x_splay_next;
	x_splay_prev;
	x_splay_remove;
	x_splay_replace;
	x_splay_replace_or_insert;
	x_strbaseconv;
	x_strdup;
	x_strdup2;
	x_strhash;
	x_stricmp;
	x_strihash;
	x_strnicmp;
	x_strnihash;
	x_strnrcmp;
	x_strnstr;
	x_strrepl;
	x_strsplit;
	x_strtoargv;
	x_strtrim;
	x_tcolor_bg;
	x_tcolor_bold;
	x_tcolor_fg;
	x_tcolor_reset;
	x_tcolor_set;
	x_wcsdup;
	x_wcshash;
	x_wcsrepl;
	x_wcstrim;
	x_btnode_first;
	x_btnode_insert_after;
	x_btnode_insert_before;
	x_btnode_join;
	x_btnode_last;
	x_btnode_next;
	x_btnode_prev;
	x_btnode_rotate;
	x_btnode_rotate_left;
	x_btnode_rotate_right;
	x_btnode_splay;
	x_btnode_zig;
	x_btnode_zigzag;
	x_btnode_zigzig;
	x_rope_init;
	x_rope_init1;
	x_rope_free;
	x_rope_merge;
	x_rope_append;
	x_rope_appendf;
	x_rope_vappendf;
	x_rope_clone;
	x_rope_split;
	x_rope_insert;
	x_rope_remove;
	x_rope_length;
	x_rope_at;
	x_rope_dump_seq;
	x_rope_dump_tree;
	x_rope_splice;
	x_rope_printf;
	x_rope_vprintf;
	x_rope_get_node;
	x_rope_balance;
	x_tpool_init;
	x_tpool_add_work;
	x_tpool_destroy;
	x_tpool_wait;
	x_tpool_work_create;
	x_tpool_worker;
	x_tpool_work_free;
local: *;
};
