LIBX_1.0 {
global:
	__ut_assert;
	__ut_assert_int_equal;
	__ut_assert_mem_equal;
	__ut_assert_str_equal;
	__ut_assert_uint_equal;
	__ut_fail;
	__ut_printf;
	__ut_term;
	__x_assert_fail;
	__x_log_print;
	__x_log_vprint;
	thread_exit_unexpected;
	thread_proc;
	ut_case_add_text;
	ut_case_copy;
	ut_case_dump_file;
	ut_case_dump_rope;
	ut_case_free;
	ut_case_init;
	ut_runner_add;
	ut_runner_arg;
	ut_runner_free;
	ut_runner_init;
	ut_runner_remove;
	ut_runner_run;
	ut_runner_summary;
	ut_suite_add_case;
	ut_suite_free;
	ut_suite_init;
	x_ansi_to_ustr;
	x_base64_decode;
	x_base64_encode;
	x_bitmap_count;
	x_bitmap_find;
	x_btnode_first;
	x_btnode_insert_after;
	x_btnode_insert_before;
	x_btnode_join;
	x_btnode_last;
	x_btnode_next;
	x_btnode_prev;
	x_btnode_rotate;
	x_btnode_rotate_left;
	x_btnode_rotate_right;
	x_btnode_splay;
	x_btnode_zig;
	x_btnode_zigzag;
	x_btnode_zigzig;
	x_calloc;
	x_cliarg_arg;
	x_cliarg_getopt;
	x_cliarg_getopt_long;
	x_cliarg_init;
	x_ctprintf;
	x_cond_destroy;
	x_cond_init;
	x_cond_sleep;
	x_cond_wake;
	x_cond_wake_all;
	x_dir_close;
	x_dir_open;
	x_dir_read;
	x_dump_bind;
	x_dump_block;
	x_dump_default_format;
	x_dump_empty_block;
	x_dump_float;
	x_dump_fput;
	x_dump_free;
	x_dump_int;
	x_dump_mem;
	x_dump_pair;
	x_dump_pretty_format;
	x_dump_ptr;
	x_dump_serialize;
	x_dump_set_name;
	x_dump_str;
	x_dump_symbol;
	x_dump_uint;
	x_dump_wcs;
	x_edit_add_completion;
	x_edit_clear_screen;
	x_edit_columns;
	x_edit_history;
	x_edit_history_add;
	x_edit_history_free;
	x_edit_history_load;
	x_edit_history_maxlen;
	x_edit_history_save;
	x_edit_history_set_maxlen;
	x_edit_readline2;
	x_edit_readline;
	x_edit_set_completion_cb;
	x_edit_set_free_hints_cb;
	x_edit_set_hints_cb;
	x_edit_set_multi_line;
	x_eval_errno;
	x_fdopen;
	x_fgetc;
	x_fgets;
	x_fopen;
	x_fprintf;
	x_fputc;
	x_fputs;
	x_free;
	x_freopen;
	x_fscanf;
	x_getchar;
	x_heap_free;
	x_heap_init;
	x_heap_pop;
	x_heap_push;
	x_heap_top;
	x_ini_check_key_name;
	x_ini_check_section_name;
	x_ini_create;
	x_ini_dump;
	x_ini_free;
	x_ini_get;
	x_ini_get_bool;
	x_ini_get_float;
	x_ini_get_int;
	x_ini_get_str;
	x_ini_load;
	x_ini_path_get;
	x_ini_path_set;
	x_ini_path_vget;
	x_ini_pure;
	x_ini_push_opt;
	x_ini_push_sec;
	x_ini_set;
	x_ini_strerror;
	x_ini_unset;
	x_isatty;
	x_last_error;
	x_log_handler_native;
	x_log_handler_utf8;
	x_log_mode;
	x_log_set_handler;
	x_log_set_mode;
	x_lstat;
	x_malloc;
	x_mattach;
	x_mdetach;
	x_membyhex;
	x_memdup;
	x_memhash;
	x_memswp;
	x_memtohex;
	x_memxor;
	x_mset_create;
	x_mset_free;
	x_mutex_destroy;
	x_mutex_init;
	x_mutex_lock;
	x_mutex_trylock;
	x_mutex_unlock;
	x_once_init;
	x_path_basename;
	x_path_empty;
	x_path_extname;
	x_path_fixsep;
	x_path_getcwd;
	x_path_homedir;
	x_path_is_absolute;
	x_path_join;
	x_path_normalize;
	x_path_pop;
	x_path_push;
	x_path_realize;
	x_path_setcwd;
	x_path_tmpdir;
	x_path_trim;
	x_pipe_change_buffer;
	x_pipe_drain;
	x_pipe_peek;
	x_pipe_pour;
	x_pipe_pullup;
	x_pipe_read;
	x_pipe_write;
	x_printf;
	x_proc_close;
	x_proc_fclose;
	x_proc_kill;
	x_proc_open;
	x_proc_pid;
	x_proc_stdio;
	x_putchar;
	x_realloc;
	x_rope_append;
	x_rope_at;
	x_rope_balance;
	x_rope_clone;
	x_rope_dump_seq;
	x_rope_dump_tree;
	x_rope_free;
	x_rope_get_node;
	x_rope_init1;
	x_rope_init;
	x_rope_insert;
	x_rope_length;
	x_rope_merge;
	x_rope_printf;
	x_rope_remove;
	x_rope_splice;
	x_rope_split;
	x_rope_swap;
	x_rope_vprintf;
	x_scanf;
	x_setmode_binary;
	x_setmode_utf16;
	x_setmode_utf8;
	x_snprintf;
	x_splay_find;
	x_splay_find_or_insert;
	x_splay_remove;
	x_splay_replace;
	x_splay_replace_or_insert;
	x_stprintf;
	x_strargv;
	x_strbaseconv;
	x_strbuf_alloc;
	x_strbuf_append;
	x_strbuf_append_len;
	x_strbuf_chars;
	x_strbuf_clear;
	x_strbuf_data;
	x_strbuf_delete;
	x_strbuf_free;
	x_strbuf_insert;
	x_strbuf_len;
	x_strbuf_str;
	x_strdup2;
	x_strdup;
	x_strhash;
	x_stricmp;
	x_strihash;
	x_strnicmp;
	x_strnihash;
	x_strnrcmp;
	x_strnstr;
	x_strrepl;
	x_strsplit;
	x_strtoargv;
	x_strtrim;
	x_sys_copy;
	x_sys_getenv;
	x_sys_link;
	x_sys_mkdir;
	x_sys_nprocs;
	x_sys_rename;
	x_sys_setenv;
	x_sys_symlink;
	x_sys_unlink;
	x_sys_utime;
	x_tcolor_bg;
	x_tcolor_bold;
	x_tcolor_fg;
	x_tcolor_reset;
	x_tcolor_set;
	x_thread_cancel;
	x_thread_cleanup;
	x_thread_create;
	x_thread_data;
	x_thread_free;
	x_thread_join;
	x_thread_kill;
	x_thread_native_id;
	x_thread_self;
	x_thread_sleep;
	x_thread_testcancel;
	x_thread_yield;
	x_tpool_add_work;
	x_tpool_destroy;
	x_tpool_init;
	x_tpool_wait;
	x_tpool_work_create;
	x_tpool_work_free;
	x_tsignal_reset;
	x_tsignal_set;
	x_tss_get;
	x_tss_init;
	x_tss_remove;
	x_tss_set;
	x_ucode_to_utf16;
	x_ucode_to_utf8;
	x_ucode_utf16len;
	x_ucode_utf8len;
	x_ucode_width;
	x_umain;
	x_vctprintf;
	x_vsnprintf;
	x_vstprintf;
	x_ustr_to_ansi;
	x_ustr_to_utf16;
	x_ustr_to_utf8;
	x_ustrdup;
	x_ustrihash;
	x_ustrnihash;
	x_ustrsplit;
	x_utf16_charcnt;
	x_utf16_charlen;
	x_utf16_index;
	x_utf16_to_ucode;
	x_utf16_to_ustr;
	x_utf16_to_utf8;
	x_utf8_charcnt;
	x_utf8_charlen;
	x_utf8_index;
	x_utf8_strwidth;
	x_utf8_to_ucode;
	x_utf8_to_ustr;
	x_utf8_to_utf16;
	x_utss_utf16;
	x_utss_utf8;
	x_vfprintf;
	x_vfscanf;
	x_vprintf;
	x_vscanf;
	x_wcsargv;
	x_wcsdup;
	x_wcshash;
	x_wcsrepl;
	x_wcstrim;
local: *;
};
