LIBX_1.0 {
global:
	___ut_assert;
	___ut_assert_int_equal;
	___ut_assert_mem_equal;
	___ut_assert_str_equal;
	___ut_assert_uint_equal;
	___ut_fail;
	___ut_printf;
	___ut_term;
	___x_assert_fail;
	___x_log_print;
	___x_log_vprint;
	___x_tss_free_all_win32;
	_ut_case_add_text;
	_ut_case_copy;
	_ut_case_dump_file;
	_ut_case_dump_rope;
	_ut_case_free;
	_ut_case_init;
	_ut_runner_add;
	_ut_runner_arg;
	_ut_runner_free;
	_ut_runner_init;
	_ut_runner_remove;
	_ut_runner_run;
	_ut_runner_summary;
	_ut_suite_add_case;
	_ut_suite_free;
	_ut_suite_init;
	_x_ansi_to_ustr;
	_x_base64_decode;
	_x_base64_encode;
	_x_bitmap_count;
	_x_bitmap_find;
	_x_btnode_first;
	_x_btnode_insert_after;
	_x_btnode_insert_before;
	_x_btnode_join;
	_x_btnode_last;
	_x_btnode_next;
	_x_btnode_prev;
	_x_btnode_rotate;
	_x_btnode_rotate_left;
	_x_btnode_rotate_right;
	_x_btnode_splay;
	_x_btnode_zig;
	_x_btnode_zigzag;
	_x_btnode_zigzig;
	_x_calloc;
	_x_cond_destroy;
	_x_cond_init;
	_x_cond_sleep;
	_x_cond_wake;
	_x_cond_wake_all;
	_x_dump_bind;
	_x_dump_block;
	_x_dump_default_format;
	_x_dump_empty_block;
	_x_dump_float;
	_x_dump_fput;
	_x_dump_free;
	_x_dump_int;
	_x_dump_mem;
	_x_dump_pair;
	_x_dump_pretty_format;
	_x_dump_ptr;
	_x_dump_serialize;
	_x_dump_set_name;
	_x_dump_str;
	_x_dump_symbol;
	_x_dump_uint;
	_x_dump_wcs;
	_x_edit_add_completion;
	_x_edit_clear_screen;
	_x_edit_columns;
	_x_edit_history;
	_x_edit_history_add;
	_x_edit_history_free;
	_x_edit_history_load;
	_x_edit_history_maxlen;
	_x_edit_history_save;
	_x_edit_history_set_maxlen;
	_x_edit_readline2;
	_x_edit_readline;
	_x_edit_set_completion_cb;
	_x_edit_set_free_hints_cb;
	_x_edit_set_hints_cb;
	_x_edit_set_multi_line;
	_x_eval_errno;
	_x_fdopen;
	_x_fgetc;
	_x_fgets;
	_x_fopen;
	_x_fprintf;
	_x_fputc;
	_x_fputs;
	_x_free;
	_x_freopen;
	_x_fscanf;
	_x_getchar;
	_x_heap_free;
	_x_heap_init;
	_x_heap_pop;
	_x_heap_push;
	_x_heap_top;
	_x_ini_check_key_name;
	_x_ini_check_section_name;
	_x_ini_create;
	_x_ini_dump;
	_x_ini_free;
	_x_ini_get;
	_x_ini_get_bool;
	_x_ini_get_float;
	_x_ini_get_int;
	_x_ini_get_str;
	_x_ini_load;
	_x_ini_path_get;
	_x_ini_path_set;
	_x_ini_path_vget;
	_x_ini_pure;
	_x_ini_push_opt;
	_x_ini_push_sec;
	_x_ini_set;
	_x_ini_strerror;
	_x_ini_unset;
	_x_isatty;
	_x_log_default_handler;
	_x_log_mode;
	_x_log_set_handler;
	_x_log_set_mode;
	_x_malloc;
	_x_mattach;
	_x_mdetach;
	_x_membyhex;
	_x_memdup;
	_x_memhash;
	_x_memswp;
	_x_memtohex;
	_x_memxor;
	_x_mset_create;
	_x_mset_free;
	_x_mutex_destroy;
	_x_mutex_init;
	_x_mutex_lock;
	_x_mutex_trylock;
	_x_mutex_unlock;
	_x_once_init;
	_x_pipe_change_buffer;
	_x_pipe_drain;
	_x_pipe_peek;
	_x_pipe_pour;
	_x_pipe_pullup;
	_x_pipe_read;
	_x_pipe_write;
	_x_printf;
	_x_putchar;
	_x_realloc;
	_x_rope_append;
	_x_rope_at;
	_x_rope_balance;
	_x_rope_clone;
	_x_rope_dump_seq;
	_x_rope_dump_tree;
	_x_rope_free;
	_x_rope_get_node;
	_x_rope_init1;
	_x_rope_init;
	_x_rope_insert;
	_x_rope_length;
	_x_rope_merge;
	_x_rope_printf;
	_x_rope_remove;
	_x_rope_splice;
	_x_rope_split;
	_x_rope_swap;
	_x_rope_vprintf;
	_x_scanf;
	_x_setinput;
	_x_setoutput;
	_x_splay_find;
	_x_splay_find_or_insert;
	_x_splay_remove;
	_x_splay_replace;
	_x_splay_replace_or_insert;
	_x_strargv;
	_x_strbaseconv;
	_x_strbuf_alloc;
	_x_strbuf_append;
	_x_strbuf_append_len;
	_x_strbuf_chars;
	_x_strbuf_clear;
	_x_strbuf_delete;
	_x_strbuf_free;
	_x_strbuf_insert;
	_x_strbuf_len;
	_x_strbuf_str;
	_x_strbuf_to_string;
	_x_strdup2;
	_x_strdup;
	_x_strhash;
	_x_stricmp;
	_x_strihash;
	_x_strnicmp;
	_x_strnihash;
	_x_strnrcmp;
	_x_strnstr;
	_x_strrepl;
	_x_strsplit;
	_x_strtoargv;
	_x_strtrim;
	_x_tcolor_bg;
	_x_tcolor_bold;
	_x_tcolor_fg;
	_x_tcolor_reset;
	_x_tcolor_set;
	_x_thread_cancel;
	_x_thread_create;
	_x_thread_data;
	_x_thread_free;
	_x_thread_join;
	_x_thread_kill;
	_x_thread_native_id;
	_x_thread_self;
	_x_thread_sleep;
	_x_thread_testcancel;
	_x_thread_yield;
	_x_tpool_add_work;
	_x_tpool_destroy;
	_x_tpool_init;
	_x_tpool_wait;
	_x_tpool_work_create;
	_x_tpool_work_free;
	_x_tss_get;
	_x_tss_init;
	_x_tss_remove;
	_x_tss_set;
	_x_ucode_to_utf16;
	_x_ucode_to_utf8;
	_x_ucode_utf16len;
	_x_ucode_utf8len;
	_x_ucode_width;
	_x_umain;
	_x_ustr_to_ansi;
	_x_ustr_to_utf16;
	_x_ustr_to_utf8;
	_x_ustrdup;
	_x_ustrihash;
	_x_ustrnihash;
	_x_ustrsplit;
	_x_utf16_charcnt;
	_x_utf16_charlen;
	_x_utf16_index;
	_x_utf16_to_ucode;
	_x_utf16_to_ustr;
	_x_utf16_to_utf8;
	_x_utf8_charcnt;
	_x_utf8_charlen;
	_x_utf8_index;
	_x_utf8_strwidth;
	_x_utf8_to_ucode;
	_x_utf8_to_ustr;
	_x_utf8_to_utf16;
	_x_vfprintf;
	_x_vfscanf;
	_x_vprintf;
	_x_vscanf;
	_x_wcsargv;
	_x_wcsdup;
	_x_wcshash;
	_x_wcsrepl;
	_x_wcstrim;
local: *;
};
